Category: 📺央视频道, Name: CCTV-1, Total: 165, Valid: 48, Valid Percent: 29.09%, Whitelist: 0, IPv4: 18, IPv6: 147, Min Delay: 0.1 ms, Max Speed: 9.92 M/s, Avg Speed: 2.03 M/s, Max Resolution: 1920x1080
Category: 📺央视频道, Name: CCTV-2, Total: 189, Valid: 79, Valid Percent: 41.80%, Whitelist: 0, IPv4: 12, IPv6: 177, Min Delay: 0.1 ms, Max Speed: 14.76 M/s, Avg Speed: 1.36 M/s, Max Resolution: 1920x1080
Category: 📺央视频道, Name: CCTV-3, Total: 170, Valid: 65, Valid Percent: 38.24%, Whitelist: 0, IPv4: 11, IPv6: 159, Min Delay: 0.1 ms, Max Speed: 18.57 M/s, Avg Speed: 1.50 M/s, Max Resolution: 1920x1080
Category: 📺央视频道, Name: CCTV-4, Total: 344, Valid: 74, Valid Percent: 21.51%, Whitelist: 0, IPv4: 15, IPv6: 329, Min Delay: 0.1 ms, Max Speed: 19.08 M/s, Avg Speed: 2.99 M/s, Max Resolution: 1920x1080
Category: 📺央视频道, Name: CCTV-5, Total: 269, Valid: 52, Valid Percent: 19.33%, Whitelist: 0, IPv4: 15, IPv6: 254, Min Delay: 0.1 ms, Max Speed: 18.07 M/s, Avg Speed: 3.58 M/s, Max Resolution: 1920x1080
Category: 📺央视频道, Name: CCTV-5+, Total: 66, Valid: 41, Valid Percent: 62.12%, Whitelist: 0, IPv4: 4, IPv6: 62, Min Delay: 0.1 ms, Max Speed: 17.95 M/s, Avg Speed: 1.67 M/s, Max Resolution: 1920x1080
Category: 📺央视频道, Name: CCTV-6, Total: 162, Valid: 49, Valid Percent: 30.25%, Whitelist: 0, IPv4: 14, IPv6: 148, Min Delay: 0.1 ms, Max Speed: 19.54 M/s, Avg Speed: 4.18 M/s, Max Resolution: 1920x1080
Category: 📺央视频道, Name: CCTV-7, Total: 175, Valid: 69, Valid Percent: 39.43%, Whitelist: 0, IPv4: 11, IPv6: 164, Min Delay: 0.1 ms, Max Speed: 17.36 M/s, Avg Speed: 1.96 M/s, Max Resolution: 1920x1080
Category: 📺央视频道, Name: CCTV-8, Total: 170, Valid: 63, Valid Percent: 37.06%, Whitelist: 0, IPv4: 16, IPv6: 154, Min Delay: 0.1 ms, Max Speed: 17.91 M/s, Avg Speed: 3.95 M/s, Max Resolution: 1920x1080
Category: 📺央视频道, Name: CCTV-9, Total: 174, Valid: 66, Valid Percent: 37.93%, Whitelist: 0, IPv4: 7, IPv6: 167, Min Delay: 0.1 ms, Max Speed: 19.49 M/s, Avg Speed: 1.55 M/s, Max Resolution: 1920x1080
Category: 📺央视频道, Name: CCTV-10, Total: 175, Valid: 69, Valid Percent: 39.43%, Whitelist: 0, IPv4: 12, IPv6: 163, Min Delay: 0.1 ms, Max Speed: 19.70 M/s, Avg Speed: 2.58 M/s, Max Resolution: 1920x1080
Category: 📺央视频道, Name: CCTV-11, Total: 180, Valid: 72, Valid Percent: 40.00%, Whitelist: 0, IPv4: 6, IPv6: 174, Min Delay: 0.1 ms, Max Speed: 20.83 M/s, Avg Speed: 1.31 M/s, Max Resolution: 1920x1080
Category: 📺央视频道, Name: CCTV-12, Total: 180, Valid: 73, Valid Percent: 40.56%, Whitelist: 0, IPv4: 9, IPv6: 171, Min Delay: 0.1 ms, Max Speed: 19.36 M/s, Avg Speed: 1.70 M/s, Max Resolution: 1920x1080
Category: 📺央视频道, Name: CCTV-13, Total: 173, Valid: 55, Valid Percent: 31.79%, Whitelist: 0, IPv4: 14, IPv6: 159, Min Delay: 0.1 ms, Max Speed: 19.57 M/s, Avg Speed: 3.87 M/s, Max Resolution: 1920x1080
Category: 📺央视频道, Name: CCTV-14, Total: 157, Valid: 45, Valid Percent: 28.66%, Whitelist: 0, IPv4: 7, IPv6: 150, Min Delay: 0.1 ms, Max Speed: 19.16 M/s, Avg Speed: 1.95 M/s, Max Resolution: 1920x1080
Category: 📺央视频道, Name: CCTV-15, Total: 173, Valid: 70, Valid Percent: 40.46%, Whitelist: 0, IPv4: 7, IPv6: 166, Min Delay: 0.1 ms, Max Speed: 19.33 M/s, Avg Speed: 1.46 M/s, Max Resolution: 1920x1080
Category: 📺央视频道, Name: CCTV-16, Total: 50, Valid: 26, Valid Percent: 52.00%, Whitelist: 0, IPv4: 3, IPv6: 47, Min Delay: 0.1 ms, Max Speed: 17.63 M/s, Avg Speed: 1.35 M/s, Max Resolution: 1920x1080
Category: 📺央视频道, Name: CCTV-17, Total: 164, Valid: 53, Valid Percent: 32.32%, Whitelist: 0, IPv4: 9, IPv6: 155, Min Delay: 0.1 ms, Max Speed: 17.77 M/s, Avg Speed: 2.17 M/s, Max Resolution: 1920x1080
Category: 📺央视频道, Name: CETV-1, Total: 132, Valid: 2, Valid Percent: 1.52%, Whitelist: 0, IPv4: 2, IPv6: 130, Min Delay: 64 ms, Max Speed: 17.50 M/s, Avg Speed: 8.76 M/s, Max Resolution: 1920x1080
Category: 📺央视频道, Name: CETV-2, Total: 118, Valid: 1, Valid Percent: 0.85%, Whitelist: 0, IPv4: 1, IPv6: 117, Min Delay: 72 ms, Max Speed: 17.22 M/s, Avg Speed: 17.22 M/s, Max Resolution: 1920x1080
Category: 📺央视频道, Name: CETV-3, Total: 6, Valid: 0, Valid Percent: 0.00%, Whitelist: 0, IPv4: 0, IPv6: 6, Min Delay: -1 ms, Max Speed: 0.00 M/s, Avg Speed: 0.00 M/s, Max Resolution: None
Category: 📺央视频道, Name: CETV-4, Total: 123, Valid: 1, Valid Percent: 0.81%, Whitelist: 0, IPv4: 1, IPv6: 122, Min Delay: 67 ms, Max Speed: 17.40 M/s, Avg Speed: 17.40 M/s, Max Resolution: 1920x1080
Category: 📡卫视频道, Name: 广东卫视, Total: 172, Valid: 61, Valid Percent: 35.47%, Whitelist: 0, IPv4: 3, IPv6: 169, Min Delay: 0.1 ms, Max Speed: 17.16 M/s, Avg Speed: 0.80 M/s, Max Resolution: 1920x1080
Category: 📡卫视频道, Name: 香港卫视, Total: 13, Valid: 5, Valid Percent: 38.46%, Whitelist: 0, IPv4: 0, IPv6: 13, Min Delay: 0.1 ms, Max Speed: 0.00 M/s, Avg Speed: 0.00 M/s, Max Resolution: 1920x1080
Category: 📡卫视频道, Name: 浙江卫视, Total: 267, Valid: 79, Valid Percent: 29.59%, Whitelist: 0, IPv4: 11, IPv6: 256, Min Delay: 0.1 ms, Max Speed: 19.04 M/s, Avg Speed: 1.73 M/s, Max Resolution: 3840x2160
Category: 📡卫视频道, Name: 湖南卫视, Total: 201, Valid: 66, Valid Percent: 32.84%, Whitelist: 0, IPv4: 10, IPv6: 191, Min Delay: 0.1 ms, Max Speed: 18.08 M/s, Avg Speed: 1.33 M/s, Max Resolution: 3840x2160
Category: 📡卫视频道, Name: 北京卫视, Total: 180, Valid: 57, Valid Percent: 31.67%, Whitelist: 0, IPv4: 5, IPv6: 175, Min Delay: 0.1 ms, Max Speed: 19.40 M/s, Avg Speed: 1.18 M/s, Max Resolution: 1920x1080
Category: 📡卫视频道, Name: 湖北卫视, Total: 184, Valid: 73, Valid Percent: 39.67%, Whitelist: 0, IPv4: 3, IPv6: 181, Min Delay: 0.1 ms, Max Speed: 18.13 M/s, Avg Speed: 0.72 M/s, Max Resolution: 1920x1080
Category: 📡卫视频道, Name: 黑龙江卫视, Total: 88, Valid: 63, Valid Percent: 71.59%, Whitelist: 0, IPv4: 5, IPv6: 83, Min Delay: 0.1 ms, Max Speed: 19.67 M/s, Avg Speed: 1.41 M/s, Max Resolution: 1920x1080
Category: 📡卫视频道, Name: 安徽卫视, Total: 85, Valid: 61, Valid Percent: 71.76%, Whitelist: 0, IPv4: 3, IPv6: 82, Min Delay: 0.1 ms, Max Speed: 19.53 M/s, Avg Speed: 0.90 M/s, Max Resolution: 1920x1080
Category: 📡卫视频道, Name: 重庆卫视, Total: 86, Valid: 57, Valid Percent: 66.28%, Whitelist: 0, IPv4: 2, IPv6: 84, Min Delay: 0.1 ms, Max Speed: 19.28 M/s, Avg Speed: 0.39 M/s, Max Resolution: 1920x1080
Category: 📡卫视频道, Name: 东方卫视, Total: 188, Valid: 67, Valid Percent: 35.64%, Whitelist: 0, IPv4: 8, IPv6: 180, Min Delay: 0.1 ms, Max Speed: 18.90 M/s, Avg Speed: 1.20 M/s, Max Resolution: 3840x2160
Category: 📡卫视频道, Name: 东南卫视, Total: 78, Valid: 45, Valid Percent: 57.69%, Whitelist: 0, IPv4: 4, IPv6: 74, Min Delay: 0.1 ms, Max Speed: 19.90 M/s, Avg Speed: 1.68 M/s, Max Resolution: 1920x1080
Category: 📡卫视频道, Name: 甘肃卫视, Total: 49, Valid: 28, Valid Percent: 57.14%, Whitelist: 0, IPv4: 4, IPv6: 45, Min Delay: 0.1 ms, Max Speed: 18.88 M/s, Avg Speed: 1.97 M/s, Max Resolution: 1920x1080
Category: 📡卫视频道, Name: 广西卫视, Total: 55, Valid: 37, Valid Percent: 67.27%, Whitelist: 0, IPv4: 3, IPv6: 52, Min Delay: 0.1 ms, Max Speed: 17.42 M/s, Avg Speed: 0.67 M/s, Max Resolution: 1920x1080
Category: 📡卫视频道, Name: 贵州卫视, Total: 63, Valid: 39, Valid Percent: 61.90%, Whitelist: 0, IPv4: 5, IPv6: 58, Min Delay: 0.1 ms, Max Speed: 18.77 M/s, Avg Speed: 1.95 M/s, Max Resolution: 1920x1080
Category: 📡卫视频道, Name: 海南卫视, Total: 233, Valid: 39, Valid Percent: 16.74%, Whitelist: 0, IPv4: 2, IPv6: 231, Min Delay: 0.1 ms, Max Speed: 20.23 M/s, Avg Speed: 1.02 M/s, Max Resolution: 1920x1080
Category: 📡卫视频道, Name: 河北卫视, Total: 71, Valid: 45, Valid Percent: 63.38%, Whitelist: 0, IPv4: 4, IPv6: 67, Min Delay: 0.1 ms, Max Speed: 19.24 M/s, Avg Speed: 1.63 M/s, Max Resolution: 1920x1080
Category: 📡卫视频道, Name: 河南卫视, Total: 171, Valid: 55, Valid Percent: 32.16%, Whitelist: 0, IPv4: 6, IPv6: 165, Min Delay: 0.1 ms, Max Speed: 29.95 M/s, Avg Speed: 2.05 M/s, Max Resolution: 1920x1080
Category: 📡卫视频道, Name: 吉林卫视, Total: 172, Valid: 58, Valid Percent: 33.72%, Whitelist: 0, IPv4: 4, IPv6: 168, Min Delay: 0.1 ms, Max Speed: 17.63 M/s, Avg Speed: 1.14 M/s, Max Resolution: 1920x1080
Category: 📡卫视频道, Name: 江苏卫视, Total: 186, Valid: 70, Valid Percent: 37.63%, Whitelist: 0, IPv4: 7, IPv6: 179, Min Delay: 0.1 ms, Max Speed: 18.47 M/s, Avg Speed: 1.71 M/s, Max Resolution: 3840x2160
Category: 📡卫视频道, Name: 江西卫视, Total: 182, Valid: 68, Valid Percent: 37.36%, Whitelist: 0, IPv4: 4, IPv6: 178, Min Delay: 0.1 ms, Max Speed: 19.11 M/s, Avg Speed: 1.07 M/s, Max Resolution: 1920x1080
Category: 📡卫视频道, Name: 辽宁卫视, Total: 163, Valid: 42, Valid Percent: 25.77%, Whitelist: 0, IPv4: 3, IPv6: 160, Min Delay: 0.1 ms, Max Speed: 17.98 M/s, Avg Speed: 1.18 M/s, Max Resolution: 1920x1080
Category: 📡卫视频道, Name: 内蒙古卫视, Total: 126, Valid: 24, Valid Percent: 19.05%, Whitelist: 0, IPv4: 3, IPv6: 123, Min Delay: 0.1 ms, Max Speed: 18.31 M/s, Avg Speed: 2.11 M/s, Max Resolution: 1920x1080
Category: 📡卫视频道, Name: 宁夏卫视, Total: 81, Valid: 22, Valid Percent: 27.16%, Whitelist: 0, IPv4: 2, IPv6: 79, Min Delay: 0.1 ms, Max Speed: 18.29 M/s, Avg Speed: 1.55 M/s, Max Resolution: 1920x1080
Category: 📡卫视频道, Name: 青海卫视, Total: 164, Valid: 29, Valid Percent: 17.68%, Whitelist: 0, IPv4: 3, IPv6: 161, Min Delay: 0.1 ms, Max Speed: 19.86 M/s, Avg Speed: 1.92 M/s, Max Resolution: 1920x1080
Category: 📡卫视频道, Name: 山东卫视, Total: 72, Valid: 46, Valid Percent: 63.89%, Whitelist: 0, IPv4: 5, IPv6: 67, Min Delay: 0.1 ms, Max Speed: 18.14 M/s, Avg Speed: 1.85 M/s, Max Resolution: 1920x1080
Category: 📡卫视频道, Name: 山西卫视, Total: 31, Valid: 13, Valid Percent: 41.94%, Whitelist: 0, IPv4: 1, IPv6: 30, Min Delay: 0.1 ms, Max Speed: 15.36 M/s, Avg Speed: 1.18 M/s, Max Resolution: 1920x1080
Category: 📡卫视频道, Name: 陕西卫视, Total: 134, Valid: 26, Valid Percent: 19.40%, Whitelist: 0, IPv4: 4, IPv6: 130, Min Delay: 0.1 ms, Max Speed: 17.72 M/s, Avg Speed: 2.06 M/s, Max Resolution: 1920x1080
Category: 📡卫视频道, Name: 四川卫视, Total: 61, Valid: 36, Valid Percent: 59.02%, Whitelist: 0, IPv4: 6, IPv6: 55, Min Delay: 0.1 ms, Max Speed: 19.33 M/s, Avg Speed: 2.05 M/s, Max Resolution: 3840x2160
Category: 📡卫视频道, Name: 深圳卫视, Total: 64, Valid: 37, Valid Percent: 57.81%, Whitelist: 0, IPv4: 4, IPv6: 60, Min Delay: 0.1 ms, Max Speed: 18.83 M/s, Avg Speed: 1.52 M/s, Max Resolution: 1920x1080
Category: 📡卫视频道, Name: 三沙卫视, Total: 114, Valid: 13, Valid Percent: 11.40%, Whitelist: 0, IPv4: 2, IPv6: 112, Min Delay: 0.1 ms, Max Speed: 18.88 M/s, Avg Speed: 1.51 M/s, Max Resolution: 1920x1080
Category: 📡卫视频道, Name: 天津卫视, Total: 66, Valid: 44, Valid Percent: 66.67%, Whitelist: 0, IPv4: 4, IPv6: 62, Min Delay: 0.1 ms, Max Speed: 19.25 M/s, Avg Speed: 1.67 M/s, Max Resolution: 1920x1080
Category: 📡卫视频道, Name: 西藏卫视, Total: 42, Valid: 25, Valid Percent: 59.52%, Whitelist: 0, IPv4: 4, IPv6: 38, Min Delay: 0.1 ms, Max Speed: 18.43 M/s, Avg Speed: 2.85 M/s, Max Resolution: 1920x1080
Category: 📡卫视频道, Name: 新疆卫视, Total: 42, Valid: 23, Valid Percent: 54.76%, Whitelist: 0, IPv4: 2, IPv6: 40, Min Delay: 0.1 ms, Max Speed: 18.46 M/s, Avg Speed: 1.56 M/s, Max Resolution: 1920x1080
Category: 📡卫视频道, Name: 云南卫视, Total: 48, Valid: 27, Valid Percent: 56.25%, Whitelist: 0, IPv4: 3, IPv6: 45, Min Delay: 0.1 ms, Max Speed: 17.74 M/s, Avg Speed: 1.23 M/s, Max Resolution: 1920x1080
Category: ☘️海南频道, Name: 海南新闻, Total: 86, Valid: 3, Valid Percent: 3.49%, Whitelist: 0, IPv4: 0, IPv6: 86, Min Delay: 0.1 ms, Max Speed: 0.00 M/s, Avg Speed: 0.00 M/s, Max Resolution: 1920x1080
Category: ☘️海南频道, Name: 海南自贸, Total: 84, Valid: 1, Valid Percent: 1.19%, Whitelist: 0, IPv4: 0, IPv6: 84, Min Delay: 0.1 ms, Max Speed: 0.00 M/s, Avg Speed: 0.00 M/s, Max Resolution: 1920x1080
Category: ☘️海南频道, Name: 海南文旅, Total: 90, Valid: 3, Valid Percent: 3.33%, Whitelist: 0, IPv4: 0, IPv6: 90, Min Delay: 0.1 ms, Max Speed: 0.00 M/s, Avg Speed: 0.00 M/s, Max Resolution: 1920x1080
Category: ☘️海南频道, Name: 海南少儿, Total: 84, Valid: 1, Valid Percent: 1.19%, Whitelist: 0, IPv4: 0, IPv6: 84, Min Delay: 0.1 ms, Max Speed: 0.00 M/s, Avg Speed: 0.00 M/s, Max Resolution: 1920x1080
Category: ☘️海南频道, Name: 海南公共, Total: 90, Valid: 3, Valid Percent: 3.33%, Whitelist: 0, IPv4: 0, IPv6: 90, Min Delay: 0.1 ms, Max Speed: 0.00 M/s, Avg Speed: 0.00 M/s, Max Resolution: 1920x1080
Category: ☘️山东频道, Name: 山东少儿, Total: 10, Valid: 9, Valid Percent: 90.00%, Whitelist: 0, IPv4: 0, IPv6: 10, Min Delay: 0.1 ms, Max Speed: 0.00 M/s, Avg Speed: 0.00 M/s, Max Resolution: 1920x1080
Category: ☘️山东频道, Name: 山东新闻, Total: 9, Valid: 9, Valid Percent: 100.00%, Whitelist: 0, IPv4: 0, IPv6: 9, Min Delay: 0.1 ms, Max Speed: 0.00 M/s, Avg Speed: 0.00 M/s, Max Resolution: 1920x1080
Category: ☘️山东频道, Name: 山东教育, Total: 94, Valid: 4, Valid Percent: 4.26%, Whitelist: 0, IPv4: 1, IPv6: 93, Min Delay: 0.1 ms, Max Speed: 16.63 M/s, Avg Speed: 4.16 M/s, Max Resolution: 1920x1080
Category: ☘️山东频道, Name: 山东居家购物, Total: 1, Valid: 1, Valid Percent: 100.00%, Whitelist: 0, IPv4: 0, IPv6: 1, Min Delay: 0.1 ms, Max Speed: 0.00 M/s, Avg Speed: 0.00 M/s, Max Resolution: 1920x1080
Category: ☘️山东频道, Name: 山东农科, Total: 1, Valid: 1, Valid Percent: 100.00%, Whitelist: 0, IPv4: 0, IPv6: 1, Min Delay: 0.1 ms, Max Speed: 0.00 M/s, Avg Speed: 0.00 M/s, Max Resolution: 1920x1080
Category: ☘️山东频道, Name: 山东齐鲁, Total: 1, Valid: 1, Valid Percent: 100.00%, Whitelist: 0, IPv4: 0, IPv6: 1, Min Delay: 0.1 ms, Max Speed: 0.00 M/s, Avg Speed: 0.00 M/s, Max Resolution: 1920x1080
Category: ☘️山东频道, Name: 山东生活, Total: 2, Valid: 2, Valid Percent: 100.00%, Whitelist: 0, IPv4: 0, IPv6: 2, Min Delay: 0.1 ms, Max Speed: 0.00 M/s, Avg Speed: 0.00 M/s, Max Resolution: 1920x1080
Category: ☘️山东频道, Name: 山东体育, Total: 12, Valid: 10, Valid Percent: 83.33%, Whitelist: 0, IPv4: 0, IPv6: 12, Min Delay: 0.1 ms, Max Speed: 0.00 M/s, Avg Speed: 0.00 M/s, Max Resolution: 1920x1080
Category: ☘️山东频道, Name: 山东文旅, Total: 1, Valid: 0, Valid Percent: 0.00%, Whitelist: 0, IPv4: 1, IPv6: 0, Min Delay: 10161 ms, Max Speed: 0.00 M/s, Avg Speed: 0.00 M/s, Max Resolution: None
Category: ☘️山东频道, Name: 山东综艺, Total: 1, Valid: 1, Valid Percent: 100.00%, Whitelist: 0, IPv4: 0, IPv6: 1, Min Delay: 0.1 ms, Max Speed: 0.00 M/s, Avg Speed: 0.00 M/s, Max Resolution: 1920x1080
Category: 🎬电影频道, Name: CHC家庭影院, Total: 67, Valid: 10, Valid Percent: 14.93%, Whitelist: 0, IPv4: 1, IPv6: 66, Min Delay: 0.1 ms, Max Speed: 18.64 M/s, Avg Speed: 1.86 M/s, Max Resolution: 1920x1080
Category: 🎬电影频道, Name: CHC动作电影, Total: 71, Valid: 18, Valid Percent: 25.35%, Whitelist: 0, IPv4: 1, IPv6: 70, Min Delay: 0.1 ms, Max Speed: 15.39 M/s, Avg Speed: 0.86 M/s, Max Resolution: 1920x1080
Category: 🎬电影频道, Name: CHC高清电影, Total: 6, Valid: 3, Valid Percent: 50.00%, Whitelist: 0, IPv4: 6, IPv6: 0, Min Delay: 10005 ms, Max Speed: 0.39 M/s, Avg Speed: 0.24 M/s, Max Resolution: 1920x1080
Category: 🏀体育频道, Name: CCTV-5, Total: 254, Valid: 37, Valid Percent: 14.57%, Whitelist: 0, IPv4: 0, IPv6: 254, Min Delay: 0.1 ms, Max Speed: 0.00 M/s, Avg Speed: 0.00 M/s, Max Resolution: 1920x1080
Category: 🏀体育频道, Name: CCTV-5+, Total: 62, Valid: 37, Valid Percent: 59.68%, Whitelist: 0, IPv4: 0, IPv6: 62, Min Delay: 0.1 ms, Max Speed: 0.00 M/s, Avg Speed: 0.00 M/s, Max Resolution: 1920x1080
Category: 🪁动画频道, Name: 少儿动画, Total: 10, Valid: 1, Valid Percent: 10.00%, Whitelist: 0, IPv4: 10, IPv6: 0, Min Delay: 10005 ms, Max Speed: 0.45 M/s, Avg Speed: 0.45 M/s, Max Resolution: 1920x1080
Category: 🪁动画频道, Name: 卡酷动画, Total: 4, Valid: 0, Valid Percent: 0.00%, Whitelist: 0, IPv4: 0, IPv6: 4, Min Delay: -1 ms, Max Speed: 0.00 M/s, Avg Speed: 0.00 M/s, Max Resolution: None
Category: 🪁动画频道, Name: 动漫秀场, Total: 22, Valid: 15, Valid Percent: 68.18%, Whitelist: 0, IPv4: 0, IPv6: 22, Min Delay: 0.1 ms, Max Speed: 0.00 M/s, Avg Speed: 0.00 M/s, Max Resolution: 1920x1080
Category: 🪁动画频道, Name: 新动漫, Total: 51, Valid: 2, Valid Percent: 3.92%, Whitelist: 0, IPv4: 2, IPv6: 49, Min Delay: 52 ms, Max Speed: 20.08 M/s, Avg Speed: 19.64 M/s, Max Resolution: 1920x1080
Category: 🪁动画频道, Name: 青春动漫, Total: 2, Valid: 2, Valid Percent: 100.00%, Whitelist: 0, IPv4: 0, IPv6: 2, Min Delay: 0.1 ms, Max Speed: 0.00 M/s, Avg Speed: 0.00 M/s, Max Resolution: 1920x1080
Category: 🪁动画频道, Name: 爱动漫, Total: 5, Valid: 4, Valid Percent: 80.00%, Whitelist: 0, IPv4: 0, IPv6: 5, Min Delay: 0.1 ms, Max Speed: 0.00 M/s, Avg Speed: 0.00 M/s, Max Resolution: 1920x1080
Category: 🪁动画频道, Name: 宝宝动画, Total: 1, Valid: 1, Valid Percent: 100.00%, Whitelist: 0, IPv4: 0, IPv6: 1, Min Delay: 0.1 ms, Max Speed: 0.00 M/s, Avg Speed: 0.00 M/s, Max Resolution: 1920x1080
Category: 🪁动画频道, Name: CN卡通, Total: 3, Valid: 2, Valid Percent: 66.67%, Whitelist: 0, IPv4: 0, IPv6: 3, Min Delay: 0.1 ms, Max Speed: 0.00 M/s, Avg Speed: 0.00 M/s, Max Resolution: 1920x1080
Category: 🪁动画频道, Name: 优漫卡通, Total: 17, Valid: 12, Valid Percent: 70.59%, Whitelist: 0, IPv4: 0, IPv6: 17, Min Delay: 0.1 ms, Max Speed: 0.00 M/s, Avg Speed: 0.00 M/s, Max Resolution: 1920x1080
Category: 🪁动画频道, Name: 金鹰卡通, Total: 41, Valid: 32, Valid Percent: 78.05%, Whitelist: 0, IPv4: 0, IPv6: 41, Min Delay: 0.1 ms, Max Speed: 0.00 M/s, Avg Speed: 0.00 M/s, Max Resolution: 1920x1080
Category: 🪁动画频道, Name: 黑莓动画, Total: 8, Valid: 6, Valid Percent: 75.00%, Whitelist: 0, IPv4: 0, IPv6: 8, Min Delay: 0.1 ms, Max Speed: 0.00 M/s, Avg Speed: 0.00 M/s, Max Resolution: 1920x1080
Category: 🪁动画频道, Name: 炫动卡通, Total: 5, Valid: 0, Valid Percent: 0.00%, Whitelist: 0, IPv4: 0, IPv6: 5, Min Delay: -1 ms, Max Speed: 0.00 M/s, Avg Speed: 0.00 M/s, Max Resolution: None
Category: 🪁动画频道, Name: 24H国漫热播, Total: 1, Valid: 1, Valid Percent: 100.00%, Whitelist: 0, IPv4: 1, IPv6: 0, Min Delay: 43 ms, Max Speed: 10.20 M/s, Avg Speed: 10.20 M/s, Max Resolution: 1920x1080
Category: 🪁动画频道, Name: 浙江少儿, Total: 15, Valid: 12, Valid Percent: 80.00%, Whitelist: 0, IPv4: 0, IPv6: 15, Min Delay: 0.1 ms, Max Speed: 0.00 M/s, Avg Speed: 0.00 M/s, Max Resolution: 1920x1080
Category: 🪁动画频道, Name: 河北少儿科教, Total: 11, Valid: 8, Valid Percent: 72.73%, Whitelist: 0, IPv4: 0, IPv6: 11, Min Delay: 0.1 ms, Max Speed: 0.00 M/s, Avg Speed: 0.00 M/s, Max Resolution: 1920x1080
Category: 🪁动画频道, Name: 七龙珠, Total: 2, Valid: 0, Valid Percent: 0.00%, Whitelist: 0, IPv4: 0, IPv6: 2, Min Delay: -1 ms, Max Speed: 0.00 M/s, Avg Speed: 0.00 M/s, Max Resolution: None
Category: 🪁动画频道, Name: 火影忍者, Total: 1, Valid: 0, Valid Percent: 0.00%, Whitelist: 0, IPv4: 0, IPv6: 1, Min Delay: -1 ms, Max Speed: 0.00 M/s, Avg Speed: 0.00 M/s, Max Resolution: None
Category: 🪁动画频道, Name: 海绵宝宝, Total: 1, Valid: 1, Valid Percent: 100.00%, Whitelist: 0, IPv4: 0, IPv6: 1, Min Delay: 0.1 ms, Max Speed: 0.00 M/s, Avg Speed: 0.00 M/s, Max Resolution: 1920x1080
Category: 🪁动画频道, Name: 中华小当家, Total: 3, Valid: 2, Valid Percent: 66.67%, Whitelist: 0, IPv4: 0, IPv6: 3, Min Delay: 0.1 ms, Max Speed: 0.00 M/s, Avg Speed: 0.00 M/s, Max Resolution: 1920x1080
Category: 🪁动画频道, Name: 猫和老鼠, Total: 4, Valid: 2, Valid Percent: 50.00%, Whitelist: 0, IPv4: 0, IPv6: 4, Min Delay: 0.1 ms, Max Speed: 0.00 M/s, Avg Speed: 0.00 M/s, Max Resolution: 1920x1080
Category: 🪁动画频道, Name: 经典动漫, Total: 2, Valid: 2, Valid Percent: 100.00%, Whitelist: 0, IPv4: 0, IPv6: 2, Min Delay: 0.1 ms, Max Speed: 0.00 M/s, Avg Speed: 0.00 M/s, Max Resolution: 1920x1080
Category: 🪁动画频道, Name: 漫画解说, Total: 4, Valid: 2, Valid Percent: 50.00%, Whitelist: 0, IPv4: 0, IPv6: 4, Min Delay: 0.1 ms, Max Speed: 0.00 M/s, Avg Speed: 0.00 M/s, Max Resolution: 1920x1080
Category: 🎮游戏频道, Name: 游戏风云, Total: 8, Valid: 6, Valid Percent: 75.00%, Whitelist: 0, IPv4: 0, IPv6: 8, Min Delay: 0.1 ms, Max Speed: 0.00 M/s, Avg Speed: 0.00 M/s, Max Resolution: 1920x1080
Category: 🎮游戏频道, Name: 电竞天堂, Total: 1, Valid: 1, Valid Percent: 100.00%, Whitelist: 0, IPv4: 0, IPv6: 1, Min Delay: 0.1 ms, Max Speed: 0.00 M/s, Avg Speed: 0.00 M/s, Max Resolution: 1920x1080
Category: 🎮游戏频道, Name: 爱电竞, Total: 1, Valid: 1, Valid Percent: 100.00%, Whitelist: 0, IPv4: 0, IPv6: 1, Min Delay: 0.1 ms, Max Speed: 0.00 M/s, Avg Speed: 0.00 M/s, Max Resolution: 1920x1080
Category: 🎵音乐频道, Name: CCTV-15, Total: 166, Valid: 63, Valid Percent: 37.95%, Whitelist: 0, IPv4: 0, IPv6: 166, Min Delay: 0.1 ms, Max Speed: 0.00 M/s, Avg Speed: 0.00 M/s, Max Resolution: 1920x1080
Category: 🎵音乐频道, Name: 风云音乐, Total: 3, Valid: 0, Valid Percent: 0.00%, Whitelist: 0, IPv4: 0, IPv6: 3, Min Delay: -1 ms, Max Speed: 0.00 M/s, Avg Speed: 0.00 M/s, Max Resolution: None
Category: 🎵音乐频道, Name: 音乐现场, Total: 2, Valid: 2, Valid Percent: 100.00%, Whitelist: 0, IPv4: 2, IPv6: 0, Min Delay: 16 ms, Max Speed: 7.45 M/s, Avg Speed: 6.38 M/s, Max Resolution: None
Category: 🎵音乐频道, Name: 音乐之声, Total: 1, Valid: 1, Valid Percent: 100.00%, Whitelist: 0, IPv4: 1, IPv6: 0, Min Delay: 980 ms, Max Speed: 0.16 M/s, Avg Speed: 0.16 M/s, Max Resolution: None
Category: 🎵音乐频道, Name: 潮流音乐, Total: 1, Valid: 1, Valid Percent: 100.00%, Whitelist: 0, IPv4: 1, IPv6: 0, Min Delay: 10982 ms, Max Speed: 0.02 M/s, Avg Speed: 0.02 M/s, Max Resolution: None
Category: 🎵音乐频道, Name: 音乐广播, Total: 63, Valid: 0, Valid Percent: 0.00%, Whitelist: 0, IPv4: 0, IPv6: 63, Min Delay: -1 ms, Max Speed: 0.00 M/s, Avg Speed: 0.00 M/s, Max Resolution: None
Category: 🏛经典剧场, Name: 笑傲江湖, Total: 6, Valid: 3, Valid Percent: 50.00%, Whitelist: 0, IPv4: 0, IPv6: 6, Min Delay: 0.1 ms, Max Speed: 0.00 M/s, Avg Speed: 0.00 M/s, Max Resolution: 1920x1080
Category: 🏛经典剧场, Name: 天龙八部, Total: 6, Valid: 4, Valid Percent: 66.67%, Whitelist: 0, IPv4: 0, IPv6: 6, Min Delay: 0.1 ms, Max Speed: 0.00 M/s, Avg Speed: 0.00 M/s, Max Resolution: 1920x1080
Category: 🏛经典剧场, Name: 鹿鼎记, Total: 1, Valid: 1, Valid Percent: 100.00%, Whitelist: 0, IPv4: 0, IPv6: 1, Min Delay: 0.1 ms, Max Speed: 0.00 M/s, Avg Speed: 0.00 M/s, Max Resolution: 1920x1080
Category: 🏛经典剧场, Name: 仙剑奇侠传, Total: 1, Valid: 1, Valid Percent: 100.00%, Whitelist: 0, IPv4: 0, IPv6: 1, Min Delay: 0.1 ms, Max Speed: 0.00 M/s, Avg Speed: 0.00 M/s, Max Resolution: 1920x1080
Category: 🏛经典剧场, Name: 西游记, Total: 4, Valid: 0, Valid Percent: 0.00%, Whitelist: 0, IPv4: 0, IPv6: 4, Min Delay: -1 ms, Max Speed: 0.00 M/s, Avg Speed: 0.00 M/s, Max Resolution: None
Category: 🏛经典剧场, Name: 三国演义, Total: 4, Valid: 2, Valid Percent: 50.00%, Whitelist: 0, IPv4: 0, IPv6: 4, Min Delay: 0.1 ms, Max Speed: 0.00 M/s, Avg Speed: 0.00 M/s, Max Resolution: 1920x1080
Category: 🏛经典剧场, Name: 水浒传, Total: 1, Valid: 1, Valid Percent: 100.00%, Whitelist: 0, IPv4: 0, IPv6: 1, Min Delay: 0.1 ms, Max Speed: 0.00 M/s, Avg Speed: 0.00 M/s, Max Resolution: 1920x1080
Category: 🏛经典剧场, Name: 新白娘子传奇, Total: 4, Valid: 4, Valid Percent: 100.00%, Whitelist: 0, IPv4: 0, IPv6: 4, Min Delay: 0.1 ms, Max Speed: 0.00 M/s, Avg Speed: 0.00 M/s, Max Resolution: 1920x1080
Category: 🏛经典剧场, Name: 济公游记, Total: 1, Valid: 1, Valid Percent: 100.00%, Whitelist: 0, IPv4: 0, IPv6: 1, Min Delay: 0.1 ms, Max Speed: 0.00 M/s, Avg Speed: 0.00 M/s, Max Resolution: 1920x1080
Category: 🏛经典剧场, Name: 封神榜, Total: 5, Valid: 3, Valid Percent: 60.00%, Whitelist: 0, IPv4: 0, IPv6: 5, Min Delay: 0.1 ms, Max Speed: 0.00 M/s, Avg Speed: 0.00 M/s, Max Resolution: 1920x1080
Category: 🏛经典剧场, Name: 上海滩, Total: 2, Valid: 2, Valid Percent: 100.00%, Whitelist: 0, IPv4: 0, IPv6: 2, Min Delay: 0.1 ms, Max Speed: 0.00 M/s, Avg Speed: 0.00 M/s, Max Resolution: 1920x1080
Category: 🏛经典剧场, Name: 射雕英雄传, Total: 2, Valid: 1, Valid Percent: 50.00%, Whitelist: 0, IPv4: 0, IPv6: 2, Min Delay: 0.1 ms, Max Speed: 0.00 M/s, Avg Speed: 0.00 M/s, Max Resolution: 1920x1080
